bj --prune - Clean up when bj is finished

Usage: bj --prune [--json]

Removes all completed jobs (any exit code) from the job list and deletes
their log files. Only running jobs are kept. If all jobs are pruned, the
ID counter resets to 1.

Options:
  --json    Output prune count as JSON

Examples:
  bj --prune        Wipe the slate clean after bj is done
