bj --prune - Clean up when bj is finished

Usage: bj --prune [--json]

Removes all successfully completed jobs (exit code 0) from the job list
and deletes their log files. Failed jobs are kept for review.

Options:
  --json    Output prune count as JSON

Examples:
  bj --prune        Tidy up after a satisfying bj
